
=======================================================
  EMAIL ENV ù SANITY TEST
=======================================================

[1] GRADER FUNCTIONS
python : Traceback 
(most recent call last):
At line:1 char:1
+ python sanity_test.py 
> test_output.txt 2>&1; 
cat test_output.txt
+ ~~~~~~~~~~~~~~~~~~~~~~
~~~~~~~~~~~~~~~~~~~~~~
    + CategoryInfo      
        : NotSpecified: 
(T    raceback (most 
recent     call 
last)::String)     [], 
RemoteException
    + 
FullyQualifiedError    
Id : NativeCommandErr   
 or
 
  File "C:\Users\Asus\.g
emini\antigravity\scratc
h\email_env\sanity_test.
py", line 29, in 
<module>
    check("grade_spam 
correct",        
grade_spam("spam", 
"spam") == 1.0)
    ~~~~~^^^^^^^^^^^^^^^
^^^^^^^^^^^^^^^^^^^^^^^^
^^^^^^^^^^^^^^^^^^^^^^^^
^
  File "C:\Users\Asus\.g
emini\antigravity\scratc
h\email_env\sanity_test.
py", line 17, in check
    print(f"  {status}  
{label}")
    ~~~~~^^^^^^^^^^^^^^^
^^^^^^^^^
  File "C:\Python313\Lib
\encodings\cp1252.py", 
line 19, in encode
    return codecs.charma
p_encode(input,self.erro
rs,encoding_table)[0]
           ~~~~~~~~~~~~~
~~~~~~~~^^^^^^^^^^^^^^^^
^^^^^^^^^^^^^^^^^^
UnicodeEncodeError: 
'charmap' codec can't 
encode character 
'\u2705' in position 2: 
character maps to 
<undefined>
